[00:00:00] [Render thread/INFO]: [System] [CHAT] Deposited x1 Iron Ingot into Team Chest! (8 Total)
[00:00:10] [Render thread/INFO]: [System] [CHAT] +4 Bed Wars XP (Diamonds)
[00:00:21] [Render thread/INFO]: [System] [CHAT] superbucior fell into the void.
[00:00:30] [Render thread/INFO]: [System] [CHAT] Nikometki fell into the void.
[00:00:35] [Render thread/INFO]: [System] [CHAT] Tim940513 was knocked into the void by yangssssuuuu.
[00:00:36] [Render thread/INFO]: [System] [CHAT] +6 tokens! (Time Played)
[00:00:37] [Render thread/INFO]: [System] [CHAT] +15 Bed Wars XP (Time Played)
[00:00:38] [Render thread/INFO]: [System] [CHAT] S0n3tto purchased Reinforced Armor I
[00:00:41] [Render thread/INFO]: [System] [CHAT] superbucior was killed by Duareg85.
[00:00:41] [Render thread/INFO]: [System] [CHAT] S0n3tto purchased Heal Pool
[00:00:43] [Render thread/INFO]: [System] [CHAT] 
[00:00:43] [Render thread/INFO]: [System] [CHAT] BED DESTRUCTION > Gray Bed was destroyed by Duareg85!
[00:00:43] [Render thread/INFO]: [System] [CHAT] 
[00:00:44] [Render thread/INFO]: [System] [CHAT] Luis_SCP07 was killed by Duareg85. FINAL KILL!
[00:00:46] [Render thread/INFO]: [System] [CHAT] Cross-teaming is not allowed! Report cross-teamers using /report.
[00:00:47] [Render thread/INFO]: [System] [CHAT] You purchased TNT
[00:00:50] [Render thread/INFO]: [System] [CHAT] Deposited x19 Iron Ingot into Team Chest! (27 Total)
[00:01:05] [Render thread/INFO]: [System] [CHAT] superbucior was killed by Duareg85. FINAL KILL!
[00:01:05] [Render thread/INFO]: [System] [CHAT] 
[00:01:05] [Render thread/INFO]: [System] [CHAT] TEAM ELIMINATED > Gray Team has been eliminated!
[00:01:05] [Render thread/INFO]: [System] [CHAT] 
[00:01:07] [Render thread/INFO]: [System] [CHAT] You purchased Wool
[00:01:07] [Render thread/INFO]: [System] [CHAT] You don't have enough Iron! Need 3 more!
[00:01:09] [Render thread/INFO]: [System] [CHAT] Deposited x1 Iron Ingot into Team Chest! (29 Total)
[00:01:10] [Render thread/INFO]: [System] [CHAT] Deposited x2 Gold Ingot into Team Chest! (3 Total)
[00:01:10] [Render thread/INFO]: [System] [CHAT] 
[00:01:10] [Render thread/INFO]: [System] [CHAT] [WATCHDOG ANNOUNCEMENT]
[00:01:10] [Render thread/INFO]: [System] [CHAT] Watchdog has banned 3,972 players in the last 7 days.
[00:01:10] [Render thread/INFO]: [System] [CHAT] Staff have banned an additional 13,425 in the last 7 days.
[00:01:10] [Render thread/INFO]: [System] [CHAT] Blacklisted modifications are a bannable offense!
[00:01:10] [Render thread/INFO]: [System] [CHAT] 
[00:01:13] [Render thread/INFO]: [System] [CHAT] Deposited x3 Gold Ingot into Team Chest! (3 Total)
[00:01:21] [Render thread/INFO]: [System] [CHAT] Tim940513 was knocked into the void by yangssssuuuu.
[00:01:31] [Render thread/INFO]: [System] [CHAT] Duareg85 was killed by TWILIGHJT.
[00:01:37] [Render thread/INFO]: [System] [CHAT] +6 tokens! (Time Played)
[00:01:37] [Render thread/INFO]: [System] [CHAT] +15 Bed Wars XP (Time Played)
[00:01:43] [Render thread/INFO]: [System] [CHAT] TheChickenagentY was knocked into the void by saMUel9825.
[00:02:15] [Render thread/INFO]: [System] [CHAT] TWILIGHJT fell into the void. FINAL KILL!
[00:02:18] [Render thread/INFO]: [System] [CHAT] 6HUSTLER9 was killed by Nikometki.
[00:02:19] [Render thread/INFO]: [System] [CHAT] Nikometki was killed by saMUel9825.
[00:02:27] [Render thread/INFO]: [System] [CHAT] You purchased Packed Ice
[00:02:28] [Render thread/INFO]: [System] [CHAT] You purchased Wool
[00:02:28] [Render thread/INFO]: [System] [CHAT] You purchased Wool
[00:02:28] [Render thread/INFO]: [System] [CHAT] You purchased Wool
[00:02:28] [Render thread/INFO]: [System] [CHAT] You don't have enough Iron! Need 2 more!
[00:02:31] [Render thread/INFO]: [System] [CHAT] Deposited x4 Gold Ingot into Team Chest! (9 Total)
[00:02:32] [Render thread/INFO]: [System] [CHAT] Deposited x2 Iron Ingot into Team Chest! (3 Total)
[00:02:37] [Render thread/INFO]: [System] [CHAT] TheChickenagentY was killed by saMUel9825.
[00:02:37] [Render thread/INFO]: [System] [CHAT] +6 tokens! (Time Played)
[00:02:37] [Render thread/INFO]: [System] [CHAT] +15 Bed Wars XP (Time Played)
[00:02:42] [Render thread/INFO]: [System] [CHAT] You purchased Iron Sword
[00:02:44] [Render thread/INFO]: [System] [CHAT] Deposited x2 Gold Ingot into Team Chest! (2 Total)
[00:02:44] [Render thread/INFO]: [System] [CHAT] You need at least 2 items of this type to deposit!
[00:02:47] [Render thread/INFO]: [System] [CHAT] Cross-teaming is not allowed! Report cross-teamers using /report.
[00:02:59] [Render thread/INFO]: [System] [CHAT] Tim940513 was killed by yangssssuuuu.
[00:03:07] [Render thread/INFO]: [System] [CHAT] TheChickenagentY was killed by saMUel9825.
[00:03:09] [Render thread/INFO]: [System] [CHAT] S0n3tto was killed by stormer1111.
[00:03:09] [Render thread/INFO]: [System] [CHAT] You will respawn in 5 seconds!
[00:03:10] [Render thread/INFO]: [System] [CHAT] You will respawn in 4 seconds!
[00:03:11] [Render thread/INFO]: [System] [CHAT] You will respawn in 3 seconds!
[00:03:12] [Render thread/INFO]: [System] [CHAT] You will respawn in 2 seconds!
[00:03:13] [Render thread/INFO]: [System] [CHAT] You will respawn in 1 second!
[00:03:14] [Render thread/INFO]: [System] [CHAT] You have respawned!
[00:03:15] [Render thread/INFO]: [System] [CHAT] Alex_pepito13 was killed by 6HUSTLER9.
[00:03:18] [Render thread/INFO]: [System] [CHAT] You purchased Wool
[00:03:18] [Render thread/INFO]: [System] [CHAT] You purchased Wool
[00:03:21] [Render thread/INFO]: [System] [CHAT] You purchased Golden Apple
[00:03:23] [Render thread/INFO]: [System] [CHAT] You purchased Stone Sword
[00:03:30] [Render thread/INFO]: [System] [CHAT] TheChickenagentY was killed by 6HUSTLER9.
[00:03:30] [Render thread/INFO]: [System] [CHAT] Tim940513 was knocked into the void by yangssssuuuu.
[00:03:36] [Render thread/INFO]: [System] [CHAT] 6HUSTLER9 was killed by Nikometki.
[00:03:36] [Render thread/INFO]: [System] [CHAT] yangssssuuuu was killed by S0n3tto. FINAL KILL!
[00:03:36] [Render thread/INFO]: [System] [CHAT] +22 Iron
[00:03:36] [Render thread/INFO]: [System] [CHAT] +2 Diamonds
[00:03:36] [Render thread/INFO]: [System] [CHAT] +3 tokens! (Final Kill)
[00:03:36] [Render thread/INFO]: [System] [CHAT] 
[00:03:36] [Render thread/INFO]: [System] [CHAT] TEAM ELIMINATED > Aqua Team has been eliminated!
[00:03:36] [Render thread/INFO]: [System] [CHAT] 
[00:03:36] [Render thread/INFO]: [System] [CHAT] +15 Bed Wars XP (First Kill + Final Kill)
[00:03:37] [Render thread/INFO]: [System] [CHAT] Nikometki was killed by saMUel9825.
[00:03:37] [Render thread/INFO]: [System] [CHAT] +6 tokens! (Time Played)
[00:03:37] [Render thread/INFO]: [System] [CHAT] +15 Bed Wars XP (Time Played)
[00:03:38] [Render thread/INFO]: [System] [CHAT] You can't place blocks here!
[00:03:38] [Render thread/INFO]: [System] [CHAT] You can't place blocks here!
[00:03:46] [Render thread/INFO]: [System] [CHAT] stormer1111 was killed by Duareg85. FINAL KILL!
[00:03:46] [Render thread/INFO]: [System] [CHAT] 
[00:03:46] [Render thread/INFO]: [System] [CHAT] TEAM ELIMINATED > Pink Team has been eliminated!
[00:03:46] [Render thread/INFO]: [System] [CHAT] 
[00:03:50] [Render thread/INFO]: [System] [CHAT] You purchased Permanent Chainmail Armor
[00:03:54] [Render thread/INFO]: [System] [CHAT] You purchased Wooden Pickaxe (Efficiency I)
[00:03:57] [Render thread/INFO]: [System] [CHAT] Deposited x2 Gold Ingot into Team Chest! (5 Total)
[00:04:02] [Render thread/INFO]: [System] [CHAT] Diamond Generators have been upgraded to Tier II
[00:04:05] [Render thread/INFO]: [System] [CHAT] Deposited x2 Diamond into Team Chest! (2 Total)
[00:04:24] [Render thread/INFO]: [System] [CHAT] Tim940513 purchased Sharpened Swords
[00:04:26] [Render thread/INFO]: [System] [CHAT] Nikometki was killed by saMUel9825.
[00:04:37] [Render thread/INFO]: [System] [CHAT] +6 tokens! (Time Played)
[00:04:38] [Render thread/INFO]: [System] [CHAT] +15 Bed Wars XP (Time Played)
[00:04:40] [Render thread/INFO]: [System] [CHAT] You purchased Iron Sword
[00:04:43] [Render thread/INFO]: [System] [CHAT] You purchased Wool
[00:04:43] [Render thread/INFO]: [System] [CHAT] You purchased Wool
[00:04:43] [Render thread/INFO]: [System] [CHAT] You purchased Wool
[00:04:45] [Render thread/INFO]: [System] [CHAT] Deposited x24 Iron Ingot into Team Chest! (24 Total)
[00:04:47] [Render thread/INFO]: [System] [CHAT] Cross-teaming is not allowed! Report cross-teamers using /report.
[00:04:55] [Render thread/INFO]: [System] [CHAT] S0n3tto fell into the void.
[00:04:55] [Render thread/INFO]: [System] [CHAT] You will respawn in 5 seconds!
[00:04:56] [Render thread/INFO]: [System] [CHAT] You will respawn in 4 seconds!
[00:04:57] [Render thread/INFO]: [System] [CHAT] You will respawn in 3 seconds!
[00:04:58] [Render thread/INFO]: [System] [CHAT] You will respawn in 2 seconds!
[00:04:59] [Render thread/INFO]: [System] [CHAT] You will respawn in 1 second!
[00:05:00] [Render thread/INFO]: [System] [CHAT] You have respawned!
[00:05:05] [Render thread/INFO]: [System] [CHAT] Deposited x5 Gold Ingot into Team Chest! (10 Total)
[00:05:08] [Render thread/INFO]: [System] [CHAT] You purchased Stone Sword
[00:05:09] [Render thread/INFO]: [System] [CHAT] You purchased Wool
[00:05:09] [Render thread/INFO]: [System] [CHAT] You purchased Wool
[00:05:14] [Render thread/INFO]: [System] [CHAT] You purchased Wooden Axe (Efficiency I)
[00:05:16] [Render thread/INFO]: [System] [CHAT] Deposited x1 Iron Ingot into Team Chest! (7 Total)
[00:05:17] [Render thread/INFO]: [System] [CHAT] Alex_pepito13 fell into the void.
[00:05:21] [Render thread/INFO]: [System] [CHAT] 6HUSTLER9 was killed by TheChickenagentY.
[00:05:23] [Render thread/INFO]: [System] [CHAT] TheChickenagentY was killed by saMUel9825.
[00:05:24] [Render thread/INFO]: [System] [CHAT] Duareg85 was knocked into the void by Nikometki.
[00:05:24] [Render thread/INFO]: [System] [CHAT] Nikometki was knocked into the void by 6HUSTLER9.
[00:05:31] [Render thread/INFO]: [System] [CHAT] +6 Bed Wars XP (Diamonds)
[00:05:37] [Render thread/INFO]: [System] [CHAT] +6 tokens! (Time Played)
[00:05:38] [Render thread/INFO]: [System] [CHAT] +15 Bed Wars XP (Time Played)
[00:05:45] [Render thread/INFO]: [System] [CHAT] S0n3tto purchased Cushioned Boots I
[00:05:45] [Render thread/INFO]: [System] [CHAT] S0n3tto purchased Cushioned Boots II
[00:06:16] [Render thread/INFO]: [System] [CHAT] saMUel9825 was killed by Nikometki.
[00:06:16] [Render thread/INFO]: [System] [CHAT] +3 Bed Wars XP (Emeralds)
[00:06:19] [Render thread/INFO]: [System] [CHAT] +3 Bed Wars XP (Emeralds)
[00:06:29] [Render thread/INFO]: [System] [CHAT] +3 Bed Wars XP (Emeralds)
[00:06:37] [Render thread/INFO]: [System] [CHAT] TheChickenagentY was knocked off a cliff by 6HUSTLER9.
[00:06:38] [Render thread/INFO]: [System] [CHAT] +6 tokens! (Time Played)
[00:06:38] [Render thread/INFO]: [System] [CHAT] 
[00:06:38] [Render thread/INFO]: [System] [CHAT] BED DESTRUCTION > Blue Bed was destroyed by Duareg85!
[00:06:38] [Render thread/INFO]: [System] [CHAT] 
[00:06:38] [Render thread/INFO]: [System] [CHAT] +15 Bed Wars XP (Time Played)
[00:06:41] [Render thread/INFO]: [System] [CHAT] 6HUSTLER9 was killed by Nikometki. FINAL KILL!
[00:06:44] [Render thread/INFO]: [System] [CHAT] saMUel9825 was killed by Duareg85. FINAL KILL!
[00:06:44] [Render thread/INFO]: [System] [CHAT] 
[00:06:44] [Render thread/INFO]: [System] [CHAT] TEAM ELIMINATED > Blue Team has been eliminated!
[00:06:44] [Render thread/INFO]: [System] [CHAT] 
[00:06:47] [Render thread/INFO]: [System] [CHAT] +3 Bed Wars XP (Emeralds)
[00:06:47] [Render thread/INFO]: [System] [CHAT] Cross-teaming is not allowed! Report cross-teamers using /report.
[00:06:47] [Render thread/INFO]: [System] [CHAT] Nikometki was killed by Duareg85.
[00:07:07] [Render thread/INFO]: [System] [CHAT] You purchased Invisibility Potion (30 seconds)
[00:07:09] [Render thread/INFO]: [System] [CHAT] You purchased Jump V Potion (45 seconds)
[00:07:10] [Render thread/INFO]: [System] [CHAT] Duareg85 was knocked into the void by TheChickenagentY.
[00:07:12] [Render thread/INFO]: [System] [CHAT] You purchased Speed II Potion (45 seconds)
[00:07:22] [Render thread/INFO]: [System] [CHAT] You purchased Wool
[00:07:23] [Render thread/INFO]: [System] [CHAT] Deposited x4 Iron Ingot into Team Chest! (45 Total)
[00:07:28] [Render thread/INFO]: [System] [CHAT] Tim940513 purchased Miner Fatigue Trap
[00:07:34] [Render thread/INFO]: [System] [CHAT] You purchased Fireball
[00:07:36] [Render thread/INFO]: [System] [CHAT] Deposited x5 Iron Ingot into Team Chest! (5 Total)
[00:07:38] [Render thread/INFO]: [System] [CHAT] +6 tokens! (Time Played)
[00:07:38] [Render thread/INFO]: [System] [CHAT] +15 Bed Wars XP (Time Played)
[00:08:01] [Render thread/INFO]: [System] [CHAT] TheChickenagentY was killed by Alex_pepito13.
[00:08:01] [Render thread/INFO]: [System] [CHAT] You purchased Iron Sword
[00:08:02] [Render thread/INFO]: [System] [CHAT] Nikometki was killed by Alex_pepito13.
[00:08:03] [Render thread/INFO]: [System] [CHAT] Alex_pepito13 was knocked off a cliff by Nikometki.
[00:08:28] [Render thread/INFO]: [System] [CHAT] You purchased Permanent Iron Armor
[00:08:30] [Render thread/INFO]: [System] [CHAT] You purchased TNT
[00:08:33] [Render thread/INFO]: [System] [CHAT] You purchased Fireball
[00:08:37] [Render thread/INFO]: [System] [CHAT] Duareg85 was killed by TheChickenagentY.
[00:08:38] [Render thread/INFO]: [System] [CHAT] +6 tokens! (Time Played)
[00:08:38] [Render thread/INFO]: [System] [CHAT] +15 Bed Wars XP (Time Played)
[00:08:48] [Render thread/INFO]: [System] [CHAT] Cross-teaming is not allowed! Report cross-teamers using /report.
[00:08:56] [Render thread/INFO]: [System] [CHAT] TheChickenagentY was killed by Alex_pepito13.
[00:08:58] [Render thread/INFO]: [System] [CHAT] +8 Bed Wars XP (Diamonds)
[00:09:14] [Render thread/INFO]: [System] [CHAT] S0n3tto purchased Reinforced Armor II
[00:09:15] [Render thread/INFO]: [System] [CHAT] Nikometki was killed by Duareg85.
[00:09:38] [Render thread/INFO]: [System] [CHAT] +6 tokens! (Time Played)
[00:09:38] [Render thread/INFO]: [System] [CHAT] +15 Bed Wars XP (Time Played)
[00:10:03] [Render thread/INFO]: [System] [CHAT] Emerald Generators have been upgraded to Tier II
[00:10:04] [Render thread/INFO]: [System] [CHAT] Duareg85 was knocked into the void by TheChickenagentY.
[00:10:06] [Render thread/INFO]: [System] [CHAT] Alex_pepito13 was knocked into the void by TheChickenagentY.
[00:10:07] [Render thread/INFO]: [System] [CHAT] You took damage and lost your invisibility!
[00:10:11] [Render thread/INFO]: [System] [CHAT] 
[00:10:11] [Render thread/INFO]: [System] [CHAT] BED DESTRUCTION > Green Bed was destroyed by S0n3tto!
[00:10:11] [Render thread/INFO]: [System] [CHAT] 
[00:10:11] [Render thread/INFO]: [System] [CHAT] +12 tokens! (Bed Destroyed)
[00:10:11] [Render thread/INFO]: [System] [CHAT] +15 Bed Wars XP (Bed Break)
[00:10:12] [Render thread/INFO]: [System] [CHAT] \n§aOffensive Completed!\n §8+§33,700§7 §7Hypixel Experience\n\n§7You can complete §e§e13 §7more challenges today.\n
[00:10:30] [Render thread/INFO]: [System] [CHAT] +4 Bed Wars XP (Diamonds)
[00:10:30] [Render thread/INFO]: [System] [CHAT] \n§aSupport Completed!\n §8+§33,700§7 §7Hypixel Experience\n\n§7You can complete §e§e12 §7more challenges today.\n
[00:10:33] [Render thread/INFO]: [System] [CHAT] Nikometki was killed by Alex_pepito13. FINAL KILL!
[00:10:33] [Render thread/INFO]: [System] [CHAT] Duareg85 was killed by TheChickenagentY.
[00:10:36] [Render thread/INFO]: [System] [CHAT] TheChickenagentY was killed by Alex_pepito13. FINAL KILL!
[00:10:36] [Render thread/INFO]: [System] [CHAT] 
[00:10:36] [Render thread/INFO]: [System] [CHAT] TEAM ELIMINATED > Green Team has been eliminated!
[00:10:36] [Render thread/INFO]: [System] [CHAT] 
[00:10:37] [Render thread/INFO]: [System] [CHAT] S0n3tto was killed by Alex_pepito13.
[00:10:37] [Render thread/INFO]: [System] [CHAT] You will respawn in 5 seconds!
[00:10:38] [Render thread/INFO]: [System] [CHAT] You will respawn in 4 seconds!
[00:10:38] [Render thread/INFO]: [System] [CHAT] +6 tokens! (Time Played)
[00:10:38] [Render thread/INFO]: [System] [CHAT] +15 Bed Wars XP (Time Played)
[00:10:39] [Render thread/INFO]: [System] [CHAT] You will respawn in 3 seconds!
[00:10:40] [Render thread/INFO]: [System] [CHAT] You will respawn in 2 seconds!
[00:10:41] [Render thread/INFO]: [System] [CHAT] You will respawn in 1 second!
[00:10:42] [Render thread/INFO]: [System] [CHAT] You have respawned!
[00:10:47] [Render thread/INFO]: [System] [CHAT] Tim940513 purchased Reinforced Armor III
[00:10:48] [Render thread/INFO]: [System] [CHAT] You purchased Stone Sword
[00:10:48] [Render thread/INFO]: [System] [CHAT] Cross-teaming is not allowed! Report cross-teamers using /report.
[00:10:51] [Render thread/INFO]: [System] [CHAT] You purchased Golden Apple
[00:10:53] [Render thread/INFO]: [System] [CHAT] You purchased Wool
[00:11:07] [Render thread/INFO]: [System] [CHAT] You don't have enough Gold! Need 4 more!
[00:11:10] [Render thread/INFO]: [System] [CHAT] You purchased Fireball
[00:11:13] [Render thread/INFO]: [System] [CHAT] You purchased Wool
[00:11:38] [Render thread/INFO]: [System] [CHAT] +6 tokens! (Time Played)
[00:11:39] [Render thread/INFO]: [System] [CHAT] +15 Bed Wars XP (Time Played)
[00:11:56] [Render thread/INFO]: [System] [CHAT] Tim940513 was killed by Duareg85.
[00:11:59] [Render thread/INFO]: [System] [CHAT] Duareg85 was killed by S0n3tto.
[00:11:59] [Render thread/INFO]: [System] [CHAT] +5 Bed Wars XP (First Kill)
[00:12:04] [Render thread/INFO]: [System] [CHAT] You purchased Fireball
[00:12:14] [Render thread/INFO]: [System] [CHAT] You purchased Golden Apple
[00:12:16] [Render thread/INFO]: [System] [CHAT] You purchased Golden Apple
[00:12:16] [Render thread/INFO]: [System] [CHAT] You purchased Golden Apple
[00:12:17] [Render thread/INFO]: [System] [CHAT] You purchased Golden Apple
[00:12:17] [Render thread/INFO]: [System] [CHAT] You don't have enough Gold! Need 3 more!
[00:12:19] [Render thread/INFO]: [System] [CHAT] You purchased Wool
[00:12:19] [Render thread/INFO]: [System] [CHAT] You purchased Wool
[00:12:19] [Render thread/INFO]: [System] [CHAT] You don't have enough Iron! Need 4 more!
[00:12:21] [Render thread/INFO]: [System] [CHAT] You can't place blocks here!
[00:12:22] [Render thread/INFO]: [System] [CHAT] You can't place blocks here!
[00:12:22] [Render thread/INFO]: [System] [CHAT] You can't place blocks here!
[00:12:38] [Render thread/INFO]: [System] [CHAT] You purchased Permanent Diamond Armor
[00:12:39] [Render thread/INFO]: [System] [CHAT] +6 tokens! (Time Played)
[00:12:39] [Render thread/INFO]: [System] [CHAT] +15 Bed Wars XP (Time Played)
[00:12:42] [Render thread/INFO]: [System] [CHAT] You purchased Diamond Sword
[00:12:48] [Render thread/INFO]: [System] [CHAT] Cross-teaming is not allowed! Report cross-teamers using /report.
[00:13:10] [Render thread/INFO]: [System] [CHAT] +8 Bed Wars XP (Diamonds)
[00:13:27] [Render thread/INFO]: [System] [CHAT] S0n3tto purchased Maniac Miner I
[00:13:30] [Render thread/INFO]: [System] [CHAT] Deposited x2 Diamond into Team Chest! (2 Total)
[00:13:39] [Render thread/INFO]: [System] [CHAT] +6 tokens! (Time Played)
[00:13:39] [Render thread/INFO]: [System] [CHAT] +15 Bed Wars XP (Time Played)
[00:14:02] [Render thread/INFO]: [System] [CHAT] Alex_pepito13 was killed by S0n3tto.
[00:14:02] [Render thread/INFO]: [System] [CHAT] +5 Bed Wars XP (First Kill)
[00:14:06] [Render thread/INFO]: [System] [CHAT] Miner Fatigue Trap was set off!
[00:14:11] [Render thread/INFO]: [System] [CHAT] 
[00:14:11] [Render thread/INFO]: [System] [CHAT] BED DESTRUCTION > Your Bed was destroyed by Duareg85!
[00:14:11] [Render thread/INFO]: [System] [CHAT] 
[00:14:32] [Render thread/INFO]: [System] [CHAT] Alex_pepito13 fell into the void.
[00:14:39] [Render thread/INFO]: [System] [CHAT] +6 tokens! (Time Played)
[00:14:39] [Render thread/INFO]: [System] [CHAT] 
[00:14:39] [Render thread/INFO]: [System] [CHAT] BED DESTRUCTION > Red Bed was destroyed by Tim940513!
[00:14:39] [Render thread/INFO]: [System] [CHAT] 
[00:14:39] [Render thread/INFO]: [System] [CHAT] +15 Bed Wars XP (Time Played)
[00:14:46] [Render thread/INFO]: [System] [CHAT] Alex_pepito13 was killed by Tim940513. FINAL KILL!
[00:14:49] [Render thread/INFO]: [System] [CHAT] Cross-teaming is not allowed! Report cross-teamers using /report.
[00:14:55] [Render thread/INFO]: [System] [CHAT] Duareg85 was killed by S0n3tto. FINAL KILL!
[00:14:55] [Render thread/INFO]: [System] [CHAT] +3 tokens! (Final Kill)
[00:14:55] [Render thread/INFO]: [System] [CHAT] ▬▬▬▬▬▬▬▬▬▬▬▬▬▬▬▬▬▬▬▬▬▬▬▬▬▬▬▬▬▬▬▬▬▬▬▬▬▬▬▬▬▬▬▬▬▬▬▬▬▬▬▬▬▬▬▬▬▬▬▬▬▬▬▬
[00:14:55] [Render thread/INFO]: [System] [CHAT]                                   Bed Wars
[00:14:55] [Render thread/INFO]: [System] [CHAT] 
[00:14:55] [Render thread/INFO]: [System] [CHAT]                         White - S0n3tto, Tim940513
[00:14:55] [Render thread/INFO]: [System] [CHAT] 
[00:14:55] [Render thread/INFO]: [System] [CHAT]                        1st Killer - Duareg85 - 8
[00:14:55] [Render thread/INFO]: [System] [CHAT]                       2nd Killer - saMUel9825 - 7
[00:14:55] [Render thread/INFO]: [System] [CHAT]                   3rd Killer - TheChickenagentY - 7
[00:14:55] [Render thread/INFO]: [System] [CHAT] 
[00:14:55] [Render thread/INFO]: [System] [CHAT] ▬▬▬▬▬▬▬▬▬▬▬▬▬▬▬▬▬▬▬▬▬▬▬▬▬▬▬▬▬▬▬▬▬▬▬▬▬▬▬▬▬▬▬▬▬▬▬▬▬▬▬▬▬▬▬▬▬▬▬▬▬▬▬▬
[00:14:55] [Render thread/INFO]: [System] [CHAT] +30 tokens! (Win)
[00:14:55] [Render thread/INFO]: [System] [CHAT] 
[00:14:55] [Render thread/INFO]: [System] [CHAT] TEAM ELIMINATED > Red Team has been eliminated!
[00:14:55] [Render thread/INFO]: [System] [CHAT] 
[00:14:56] [Render thread/INFO]: [System] [CHAT] +110 Bed Wars XP (Final Kill + Position Bonus)
[00:14:56] [Render thread/INFO]: [System] [CHAT] §7Duareg85§7: GG
[00:14:56] [Render thread/INFO]: [System] [CHAT] §7Alex_pepito13§7: GG
[00:14:56] [Render thread/INFO]: [System] [CHAT] §a§l▬▬▬▬▬▬▬▬▬▬▬▬▬▬▬▬▬▬▬▬▬▬▬▬▬▬▬▬▬▬▬▬▬▬▬▬▬▬▬▬▬▬▬▬▬▬▬▬▬▬▬▬▬▬▬▬▬▬▬▬▬▬▬▬\n§f                            §f§lReward Summary\n\n   §7You earned\n§f     • §2165 Bed Wars Tokens\n§f     • §3634 Hypixel Experience\n\n§f                                 §bBed Wars XP\n§f          §bLevel 10                                        §bLevel 11\n          §8[§b■■■■■■■■■■§7■■■■■■■■■■■■■■■■■■■■■■■■§8]\n§f                           §b1,467§7 / §a5,000§7 (29.3%)\n\n§7You earned §b477 Bed Wars XP\n\n§a§l▬▬▬▬▬▬▬▬▬▬▬▬▬▬▬▬▬▬▬▬▬▬▬▬▬▬▬▬▬▬▬▬▬▬▬▬▬▬▬▬▬▬▬▬▬▬▬▬▬▬▬▬▬▬▬▬▬▬▬▬▬▬▬▬
[00:14:59] [Render thread/INFO]: [System] [CHAT] Saved screenshot as 2026-09-15_00.14.59.png
[00:15:01] [Render thread/INFO]: [System] [CHAT] §aThis game has been recorded. §6Click here to watch the Replay!
[00:15:10] [Render thread/INFO]: [Hypixel Team Message HUD] bedwar leave detected
[00:15:10] [Render thread/INFO]: [System] [CHAT] Sending you to mini146AU!
[00:15:10] [Render thread/INFO]: Stopping worker threads
[00:15:10] [Render thread/INFO]: Started 8 worker threads
[00:15:10] [Render thread/INFO]: Stopping worker threads
[00:15:10] [Render thread/INFO]: Started 8 worker threads
[00:15:10] [Render thread/INFO]: Stopping worker threads
[00:15:10] [Render thread/INFO]: Started 8 worker threads
[00:15:10] [Render thread/INFO]: Stopping worker threads
[00:15:10] [Render thread/INFO]: Started 8 worker threads
[00:15:10] [Render thread/INFO]: Stopping worker threads
[00:15:10] [Render thread/INFO]: Started 8 worker threads
[00:15:10] [Render thread/INFO]: Stopping worker threads
[00:15:10] [Render thread/INFO]: Started 8 worker threads
[00:15:10] [Render thread/INFO]: [System] [CHAT]        
[00:15:10] [Render thread/INFO]: [System] [CHAT] S0n3tto has joined (12/16)!
[00:15:11] [Render thread/INFO]: [System] [CHAT] Sending you to mini92V!
[00:15:11] [Render thread/INFO]: Stopping worker threads
[00:15:11] [Render thread/INFO]: Started 8 worker threads
[00:15:11] [Render thread/INFO]: Stopping worker threads
[00:15:11] [Render thread/INFO]: Started 8 worker threads
[00:15:11] [Render thread/INFO]: Stopping worker threads
[00:15:11] [Render thread/INFO]: Started 8 worker threads
[00:15:11] [Render thread/INFO]: Stopping worker threads
[00:15:11] [Render thread/INFO]: Started 8 worker threads
[00:15:11] [Render thread/INFO]: Stopping worker threads
[00:15:11] [Render thread/INFO]: Started 8 worker threads
[00:15:11] [Render thread/INFO]: Stopping worker threads
[00:15:11] [Render thread/INFO]: Started 8 worker threads
[00:15:11] [Render thread/INFO]: [System] [CHAT]        
[00:15:11] [Render thread/INFO]: [System] [CHAT] Tim940513 has joined (11/16)!
[00:15:11] [Render thread/INFO]: [System] [CHAT] S0n3tto has joined (12/16)!
[00:15:15] [Render thread/INFO]: [System] [CHAT] raxXWEBUUsdz has joined (13/16)!
[00:15:17] [Render thread/INFO]: [System] [CHAT] qL92hq0 has joined (14/16)!
[00:15:17] [Render thread/INFO]: [System] [CHAT] VYzY5 has joined (15/16)!
[00:15:18] [Render thread/INFO]: [System] [CHAT] The game starts in 20 seconds!
[00:15:21] [Render thread/INFO]: [System] [CHAT] EFhmcOl has joined (16/16)!
[00:15:28] [Render thread/INFO]: [System] [CHAT] AXjeompNN has quit!
[00:15:28] [Render thread/INFO]: [System] [CHAT] The game starts in 10 seconds!
[00:15:33] [Render thread/INFO]: [System] [CHAT] The game starts in 5 seconds!
[00:15:34] [Render thread/INFO]: [System] [CHAT] The game starts in 4 seconds!
[00:15:35] [Render thread/INFO]: [System] [CHAT] The game starts in 3 seconds!
[00:15:35] [Render thread/INFO]: [System] [CHAT] 1C53WHnq16Yh has joined (16/16)!
[00:15:36] [Render thread/INFO]: [System] [CHAT] The game starts in 2 seconds!
[00:15:37] [Render thread/INFO]: [System] [CHAT] The game starts in 1 second!
[00:15:38] [Render thread/WARN]: Requested creation of existing team '|||||||||||||||'
[00:15:39] [Render thread/INFO]: [System] [CHAT] ▬▬▬▬▬▬▬▬▬▬▬▬▬▬▬▬▬▬▬▬▬▬▬▬▬▬▬▬▬▬▬▬▬▬▬▬▬▬▬▬▬▬▬▬▬▬▬▬▬▬▬▬▬▬▬▬▬▬▬▬▬▬▬▬
[00:15:39] [Render thread/INFO]: [System] [CHAT]                                   Bed Wars
[00:15:39] [Render thread/INFO]: [System] [CHAT] 
[00:15:39] [Render thread/INFO]: [Hypixel Team Message HUD] bedwar join detected
[00:15:39] [Render thread/INFO]: [System] [CHAT]      Protect your bed and destroy the enemy beds.
[00:15:39] [Render thread/INFO]: [System] [CHAT]       Upgrade yourself and your team by collecting
[00:15:39] [Render thread/INFO]: [System] [CHAT]     Iron, Gold, Emerald and Diamond from generators
[00:15:39] [Render thread/INFO]: [System] [CHAT]                   to access powerful upgrades.
[00:15:39] [Render thread/INFO]: [System] [CHAT] 
[00:15:39] [Render thread/INFO]: [System] [CHAT] ▬▬▬▬▬▬▬▬▬▬▬▬▬▬▬▬▬▬▬▬▬▬▬▬▬▬▬▬▬▬▬▬▬▬▬▬▬▬▬▬▬▬▬▬▬▬▬▬▬▬▬▬▬▬▬▬▬▬▬▬▬▬▬▬
[00:15:51] [Render thread/INFO]: [System] [CHAT] You purchased Wool
[00:15:51] [Render thread/INFO]: [System] [CHAT] You purchased Wool
[00:15:51] [Render thread/INFO]: [System] [CHAT] You purchased Wool
[00:15:51] [Render thread/INFO]: [System] [CHAT] You don't have enough Iron! Need 1 more!
[00:16:00] [Render thread/INFO]: [System] [CHAT] Langosch187 fell into the void.
[00:16:06] [Render thread/INFO]: [System] [CHAT] o_Crab fell into the void.
[00:16:06] [Render thread/INFO]: [System] [CHAT] 0yR44 fell into the void.
[00:16:12] [Render thread/INFO]: [System] [CHAT] +6 tokens! (Time Played)
[00:16:12] [Render thread/INFO]: [System] [CHAT] +19 Bed Wars XP (Time Played + Diamonds)
[00:16:17] [Render thread/INFO]: [System] [CHAT] oEmqrix_ was knocked into the void by GatoMazo.
[00:16:18] [Render thread/INFO]: [System] [CHAT] meikeavt1 fell into the void.
[00:16:23] [Render thread/INFO]: [System] [CHAT] If you get disconnected use /rejoin to join back in the game.
[00:16:25] [Render thread/INFO]: [System] [CHAT] Tim940513 purchased Maniac Miner I
[00:16:27] [Render thread/INFO]: [System] [CHAT] owbh was hit off by a love bomb from 0yR44.
[00:16:27] [Render thread/INFO]: [System] [CHAT] oEmqrix_ was killed by GatoMazo.
[00:16:29] [Render thread/INFO]: [System] [CHAT] traumado was given the cold shoulder by o_Crab.
[00:16:31] [Render thread/INFO]: [System] [CHAT] Ljakob1 fell into the void.
[00:16:33] [Render thread/INFO]: [System] [CHAT] GatoMazo was given the cold shoulder by o_Crab.
[00:16:35] [Render thread/INFO]: [System] [CHAT] S0n3tto was chewed up by BladeBast.
[00:16:35] [Render thread/INFO]: [System] [CHAT] You will respawn in 5 seconds!
[00:16:36] [Render thread/INFO]: [System] [CHAT] You will respawn in 4 seconds!
[00:16:37] [Render thread/INFO]: [System] [CHAT] You will respawn in 3 seconds!
[00:16:38] [Render thread/INFO]: [System] [CHAT] You will respawn in 2 seconds!
[00:16:39] [Render thread/INFO]: [System] [CHAT] You will respawn in 1 second!
[00:16:40] [Render thread/INFO]: [System] [CHAT] RenMinqz was knocked into the void by Langosch187.
[00:16:40] [Render thread/INFO]: [System] [CHAT] You have respawned!
[00:16:41] [Render thread/INFO]: [System] [CHAT] Langosch187 was knocked into the void by RenMinqz.
[00:16:46] [Render thread/INFO]: [System] [CHAT] o_Crab fell into the void.
[00:16:46] [Render thread/INFO]: [System] [CHAT] Tim940513 was scared into the void by BladeBast.
[00:16:48] [Render thread/INFO]: [System] [CHAT] You purchased Stone Sword
[00:16:48] [Render thread/INFO]: [System] [CHAT] 0yR44 was chewed up by owbh.
[00:16:49] [Render thread/INFO]: [System] [CHAT] Wolff27 was knocked into the void by Legitgammer.
[00:16:51] [Render thread/INFO]: [System] [CHAT] Legitgammer was hit off by a love bomb from 0yR44.
[00:16:51] [Render thread/INFO]: [System] [CHAT] Deposited x8 Iron Ingot into Team Chest! (25 Total)
[00:16:52] [Render thread/INFO]: [System] [CHAT] Deposited x1 Gold Ingot into Team Chest! (5 Total)
[00:16:54] [Render thread/INFO]: [System] [CHAT] traumado was given the cold shoulder by oEmqrix_.
[00:16:55] [Render thread/INFO]: [System] [CHAT] meikeavt1 was killed by Tim940513.
[00:16:58] [Render thread/INFO]: [System] [CHAT] BladeBast was killed by Tim940513.
[00:17:04] [Render thread/INFO]: [System] [CHAT] Langosch187 was knocked into the void by RenMinqz.
[00:17:05] [Render thread/INFO]: [System] [CHAT] GatoMazo was hit off by a love bomb from oEmqrix_.
[00:17:06] [Render thread/INFO]: [System] [CHAT] RenMinqz was killed by Ljakob1.
[00:17:07] [Render thread/INFO]: [System] [CHAT] You purchased Wool
[00:17:08] [Render thread/INFO]: [System] [CHAT] You purchased Wool
[00:17:08] [Render thread/INFO]: [System] [CHAT] You purchased Wool
[00:17:12] [Render thread/INFO]: [System] [CHAT] +6 tokens! (Time Played)
[00:17:13] [Render thread/INFO]: [System] [CHAT] +15 Bed Wars XP (Time Played)
[00:17:16] [Render thread/INFO]: [System] [CHAT] You purchased Iron Sword
[00:17:17] [Render thread/INFO]: [System] [CHAT] Deposited x49 Iron Ingot into Team Chest! (49 Total)
[00:17:21] [Render thread/INFO]: [System] [CHAT] You purchased Wooden Pickaxe (Efficiency I)
[00:17:23] [Render thread/INFO]: [System] [CHAT] 
[00:17:23] [Render thread/INFO]: [System] [CHAT] BED DESTRUCTION > Green Bed was dismantled by 0yR44!
[00:17:23] [Render thread/INFO]: [System] [CHAT] 
[00:17:24] [Render thread/INFO]: [System] [CHAT] You purchased Wooden Axe (Efficiency I)
[00:17:25] [Render thread/INFO]: [System] [CHAT] RenMinqz was killed by Langosch187.
[00:17:27] [Render thread/INFO]: [System] [CHAT] 0yR44 was killed by Legitgammer.
[00:17:27] [Render thread/INFO]: [System] [CHAT] Deposited x29 Iron Ingot into Team Chest! (29 Total)
[00:17:30] [Render thread/INFO]: [System] [CHAT] Tim940513 purchased Reinforced Armor I
[00:17:36] [Render thread/INFO]: [System] [CHAT] traumado was given the cold shoulder by o_Crab.
[00:17:38] [Render thread/INFO]: [System] [CHAT] Langosch187 was killed by xiao_yao_fei.
[00:17:39] [Render thread/INFO]: [System] [CHAT] owbh was knocked off a cliff by Wolff27. FINAL KILL!
[00:17:39] [Render thread/INFO]: [System] [CHAT] RenMinqz was killed by Ljakob1.
[00:17:42] [Render thread/INFO]: [System] [CHAT] xiao_yao_fei was killed by Ljakob1.
[00:17:51] [Render thread/INFO]: [System] [CHAT] GatoMazo fell into the void.
[00:17:52] [Render thread/INFO]: [System] [CHAT] RenMinqz was knocked into the void by Ljakob1.
[00:17:54] [Render thread/INFO]: [System] [CHAT] Tim940513 was chewed up by BladeBast.
[00:17:55] [Render thread/INFO]: [System] [CHAT] S0n3tto was crushed into moon dust by meikeavt1.
[00:17:55] [Render thread/INFO]: [System] [CHAT] You will respawn in 5 seconds!
[00:17:56] [Render thread/INFO]: [System] [CHAT] You will respawn in 4 seconds!
[00:17:57] [Render thread/INFO]: [System] [CHAT] You will respawn in 3 seconds!
[00:17:58] [Render thread/INFO]: [System] [CHAT] You will respawn in 2 seconds!
[00:17:59] [Render thread/INFO]: [System] [CHAT] traumado was given the cold shoulder by oEmqrix_.
[00:17:59] [Render thread/INFO]: [System] [CHAT] You will respawn in 1 second!
[00:18:00] [Render thread/INFO]: [System] [CHAT] You have respawned!
[00:18:01] [Render thread/INFO]: [System] [CHAT] 
[00:18:01] [Render thread/INFO]: [System] [CHAT] BED DESTRUCTION > Your Bed was squeaked apart by BladeBast!
[00:18:01] [Render thread/INFO]: [System] [CHAT] 
[00:18:03] [Render thread/INFO]: [System] [CHAT] oEmqrix_ was knocked into the void by GatoMazo.
[00:18:04] [Render thread/INFO]: [System] [CHAT] meikeavt1 was killed by Tim940513.
[00:18:04] [Render thread/INFO]: [System] [CHAT] Wolff27 fell into the void.
[00:18:04] [Render thread/INFO]: [System] [CHAT] BladeBast was killed by S0n3tto.
[00:18:05] [Render thread/INFO]: [System] [CHAT] +5 Bed Wars XP (First Kill)
[00:18:07] [Render thread/INFO]: [System] [CHAT] 
[00:18:07] [Render thread/INFO]: [System] [CHAT] BED DESTRUCTION > Pink Bed was dismantled by o_Crab!
[00:18:07] [Render thread/INFO]: [System] [CHAT] 
[00:18:08] [Render thread/INFO]: [System] [CHAT] xiao_yao_fei was killed by Langosch187.
[00:18:10] [Render thread/INFO]: [System] [CHAT] traumado was given the cold shoulder by o_Crab. FINAL KILL!
[00:18:11] [Render thread/INFO]: [System] [CHAT] o_Crab was killed by GatoMazo.
[00:18:13] [Render thread/INFO]: [System] [CHAT] +6 tokens! (Time Played)
[00:18:13] [Render thread/INFO]: [System] [CHAT] +15 Bed Wars XP (Time Played)
[00:18:13] [Render thread/INFO]: [System] [CHAT] Langosch187 was killed by RenMinqz.
[00:18:13] [Render thread/INFO]: [System] [CHAT] Legitgammer was given the cold shoulder by 0yR44. FINAL KILL!
[00:18:13] [Render thread/INFO]: [System] [CHAT] 
[00:18:13] [Render thread/INFO]: [System] [CHAT] TEAM ELIMINATED > Green Team has been eliminated!
[00:18:13] [Render thread/INFO]: [System] [CHAT] 
[00:18:14] [Render thread/INFO]: [System] [CHAT] You purchased Wool
[00:18:14] [Render thread/INFO]: [System] [CHAT] You purchased Wool
[00:18:16] [Render thread/INFO]: [System] [CHAT] You purchased Stone Sword
[00:18:22] [Render thread/INFO]: [System] [CHAT] You purchased Fireball
[00:18:24] [Render thread/INFO]: [System] [CHAT] Cross-teaming is not allowed! Report cross-teamers using /report.
[00:18:24] [Render thread/INFO]: [System] [CHAT] Deposited x2 Gold Ingot into Team Chest! (4 Total)
[00:18:25] [Render thread/INFO]: [System] [CHAT] Deposited x20 Iron Ingot into Team Chest! (20 Total)
[00:18:27] [Render thread/INFO]: [System] [CHAT] RenMinqz was knocked into the void by Ljakob1.
[00:18:28] [Render thread/INFO]: [System] [CHAT] You purchased TNT
[00:18:36] [Render thread/INFO]: [System] [CHAT] GatoMazo was given the cold shoulder by oEmqrix_. FINAL KILL!
[00:18:36] [Render thread/INFO]: [System] [CHAT] 
[00:18:36] [Render thread/INFO]: [System] [CHAT] TEAM ELIMINATED > Pink Team has been eliminated!
[00:18:36] [Render thread/INFO]: [System] [CHAT] 
[00:18:38] [Render thread/INFO]: [System] [CHAT] meikeavt1 was killed by S0n3tto.
[00:18:38] [Render thread/INFO]: [System] [CHAT] +5 Bed Wars XP (First Kill)
[00:18:39] [Render thread/INFO]: [System] [CHAT] S0n3tto was chewed up by BladeBast. FINAL KILL!
[00:18:39] [Render thread/INFO]: [Hypixel Team Message HUD] bedwar leave detected
[00:18:39] [Render thread/INFO]: [System] [CHAT] You have been eliminated!
[00:18:40] [Render thread/INFO]: [System] [CHAT] RenMinqz was killed by Ljakob1.
[00:18:40] [Render thread/INFO]: [System] [CHAT] BladeBast was killed by Tim940513.
[00:18:41] [Render thread/INFO]: [System] [CHAT] Langosch187 was knocked into the void by RenMinqz.
[00:18:43] [Render thread/INFO]: [System] [CHAT] Ljakob1 was killed by xiao_yao_fei.
[00:18:44] [Render thread/INFO]: [System] [CHAT] o_Crab fell into the void.
[00:18:52] [Render thread/INFO]: [System] [CHAT] Tim940513 purchased Iron Forge
[00:18:59] [Render thread/INFO]: [System] [CHAT] RenMinqz was killed by Ljakob1.
[00:19:06] [Render thread/INFO]: [System] [CHAT] oEmqrix_ fell into the void.
[00:19:07] [Render thread/INFO]: [System] [CHAT] o_Crab fell into the void.
[00:19:13] [Render thread/INFO]: [System] [CHAT] Tim940513 was crushed into moon dust by meikeavt1. FINAL KILL!
[00:19:13] [Render thread/WARN]: Requested creation of existing team '|||||||||||||||'
[00:19:13] [Render thread/INFO]: [System] [CHAT] 
[00:19:13] [Render thread/INFO]: [System] [CHAT] TEAM ELIMINATED > Red Team has been eliminated!
[00:19:13] [Render thread/INFO]: [System] [CHAT] 
[00:19:14] [Render thread/WARN]: Requested creation of existing team '|||||||||||||||'
[00:19:15] [Render thread/WARN]: Requested creation of existing team '|||||||||||||||'
[00:19:16] [Render thread/WARN]: Requested creation of existing team '|||||||||||||||'
[00:19:17] [Render thread/WARN]: Requested creation of existing team '|||||||||||||||'
[00:19:18] [Render thread/WARN]: Requested creation of existing team '|||||||||||||||'
[00:19:19] [Render thread/WARN]: Requested creation of existing team '|||||||||||||||'
[00:19:20] [Render thread/WARN]: Requested creation of existing team '|||||||||||||||'
[00:19:20] [Render thread/INFO]: [System] [CHAT] Sending you to mini149BQ!
[00:19:21] [Render thread/INFO]: Stopping worker threads
[00:19:21] [Render thread/INFO]: Started 8 worker threads
[00:19:21] [Render thread/INFO]: Stopping worker threads
[00:19:21] [Render thread/INFO]: Started 8 worker threads
[00:19:21] [Render thread/INFO]: Stopping worker threads
[00:19:21] [Render thread/INFO]: Started 8 worker threads
[00:19:21] [Render thread/INFO]: Stopping worker threads
[00:19:21] [Render thread/INFO]: Started 8 worker threads
[00:19:21] [Render thread/INFO]: Stopping worker threads
[00:19:21] [Render thread/INFO]: Started 8 worker threads
[00:19:21] [Render thread/INFO]: Stopping worker threads
[00:19:21] [Render thread/INFO]: Started 8 worker threads
[00:19:21] [Render thread/INFO]: [System] [CHAT]        
[00:19:21] [Render thread/INFO]: [System] [CHAT] S0n3tto has joined (3/16)!
[00:19:21] [Render thread/INFO]: [System] [CHAT] Tim940513 has joined (4/16)!
[00:19:28] [Render thread/INFO]: [System] [CHAT] 1lJNr9YcF3ITl4 has joined (5/16)!
[00:19:35] [Render thread/INFO]: [System] [CHAT] h9k3X1OS52 has joined (6/16)!
[00:19:42] [Render thread/INFO]: [System] [CHAT] qx7nE has joined (7/16)!
[00:19:42] [Render thread/INFO]: [System] [CHAT] M7g9F5qitd has joined (8/16)!
[00:19:44] [Render thread/INFO]: [System] [CHAT] np7bUj1QtyYf6 has joined (9/16)!
[00:19:44] [Render thread/INFO]: [System] [CHAT] xq96VV has joined (10/16)!
[00:19:47] [Render thread/INFO]: [System] [CHAT] sR4C9oES0JQcFs has quit!
[00:19:51] [Render thread/INFO]: [System] [CHAT] GlVEjT has joined (10/16)!
[00:19:51] [Render thread/INFO]: [System] [CHAT] GSdZ has joined (11/16)!
[00:19:53] [Render thread/INFO]: [System] [CHAT] LhB6CYwDd has joined (12/16)!
[00:19:54] [Render thread/INFO]: [System] [CHAT] R6yzU5l has quit!
[00:19:55] [Render thread/INFO]: [System] [CHAT] 7n2xSGBFEL has quit!
[00:19:59] [Render thread/INFO]: [System] [CHAT] §7Reqxiems§7: yeah
[00:20:00] [Render thread/INFO]: [System] [CHAT] lMnq has joined (11/16)!
[00:20:04] [Render thread/INFO]: [System] [CHAT] EZjysSR2PFJhOy has joined (12/16)!
[00:20:09] [Render thread/INFO]: [System] [CHAT] ub7ZIr1OuG13ht has joined (13/16)!
[00:20:09] [Render thread/INFO]: [System] [CHAT] Q948gML has joined (14/16)!
[00:20:10] [Render thread/INFO]: [System] [CHAT] The game starts in 20 seconds!
[00:20:12] [Render thread/INFO]: [System] [CHAT] utj4HopD604 has joined (15/16)!
[00:20:12] [Render thread/INFO]: [System] [CHAT] K8nKdtkTzFQQ has joined (16/16)!
